// Jest Snapshot v1, https://goo.gl/fbAQLP

exports[`Test GifGridItem.js Debe de mostrar el componente correctamente 1`] = `
<div
  className="card animate__animated animate__fadeIn"
>
  <img
    alt="Un título"
    key="1"
    src="https://localhost/algo.jpg"
  />
  <p>
    Un título
  </p>
</div>
`;
