// Jest Snapshot v1, https://goo.gl/fbAQLP

exports[`Test GifGrid.js Debe de mostrar el componente correctamente 1`] = `
<Fragment>
  <h3
    className="animate__animated animate__fadeIn"
  >
    One Punch
  </h3>
  <p
    className="animate__animated animate__flash"
  >
    Loading
  </p>
</Fragment>
`;
